[Fri Oct 11 09:44:14.432621 2019] [proxy_fcgi:error] [pid 28777] [client 49.235.223.143:8852] AH01071: Got error 'Primary script unknown\n'
[Fri Oct 11 09:44:14.649956 2019] [proxy_fcgi:error] [pid 28777] [client 49.235.223.143:8852] AH01071: Got error 'Primary script unknown\n'
[Fri Oct 11 09:44:14.868375 2019] [proxy_fcgi:error] [pid 28777] [client 49.235.223.143:8852] AH01071: Got error 'Primary script unknown\n'
[Fri Oct 11 09:44:18.232419 2019] [proxy_fcgi:error] [pid 28777] [client 49.235.223.143:8852] AH01071: Got error 'Primary script unknown\n'
[Fri Oct 11 09:44:23.970884 2019] [proxy_fcgi:error] [pid 28777] [client 49.235.223.143:8852] AH01071: Got error 'Primary script unknown\n'
[Fri Oct 11 09:44:24.189276 2019] [proxy_fcgi:error] [pid 28777] [client 49.235.223.143:8852] AH01071: Got error 'Primary script unknown\n'
[Fri Oct 11 09:44:24.406488 2019] [proxy_fcgi:error] [pid 28777] [client 49.235.223.143:8852] AH01071: Got error 'Primary script unknown\n'
[Fri Oct 11 09:44:24.623843 2019] [proxy_fcgi:error] [pid 28777] [client 49.235.223.143:8852] AH01071: Got error 'Primary script unknown\n'
[Fri Oct 11 09:44:24.841804 2019] [proxy_fcgi:error] [pid 28777] [client 49.235.223.143:8852] AH01071: Got error 'Primary script unknown\n'
[Fri Oct 11 09:44:25.058998 2019] [proxy_fcgi:error] [pid 28777] [client 49.235.223.143:8852] AH01071: Got error 'Primary script unknown\n'
[Fri Oct 11 09:44:26.169882 2019] [proxy_fcgi:error] [pid 28777] [client 49.235.223.143:8852] AH01071: Got error 'Primary script unknown\n'
[Fri Oct 11 09:44:26.387097 2019] [proxy_fcgi:error] [pid 28777] [client 49.235.223.143:8852] AH01071: Got error 'Primary script unknown\n'
[Fri Oct 11 09:44:26.605258 2019] [proxy_fcgi:error] [pid 28777] [client 49.235.223.143:8852] AH01071: Got error 'Primary script unknown\n'
[Fri Oct 11 09:44:26.822507 2019] [proxy_fcgi:error] [pid 28777] [client 49.235.223.143:8852] AH01071: Got error 'Primary script unknown\n'
[Fri Oct 11 09:44:27.470897 2019] [proxy_fcgi:error] [pid 28777] [client 49.235.223.143:8852] AH01071: Got error 'Primary script unknown\n'
[Fri Oct 11 09:44:30.564475 2019] [proxy_fcgi:error] [pid 28777] [client 49.235.223.143:8852] AH01071: Got error 'Primary script unknown\n'
[Fri Oct 11 09:44:30.781777 2019] [proxy_fcgi:error] [pid 28777] [client 49.235.223.143:8852] AH01071: Got error 'Primary script unknown\n'
[Fri Oct 11 09:44:30.999598 2019] [proxy_fcgi:error] [pid 28777] [client 49.235.223.143:8852] AH01071: Got error 'Primary script unknown\n'
[Fri Oct 11 09:44:31.216960 2019] [proxy_fcgi:error] [pid 28777] [client 49.235.223.143:8852] AH01071: Got error 'Primary script unknown\n'
[Fri Oct 11 09:44:31.434181 2019] [proxy_fcgi:error] [pid 28777] [client 49.235.223.143:8852] AH01071: Got error 'Primary script unknown\n'
[Fri Oct 11 09:44:31.651515 2019] [proxy_fcgi:error] [pid 28777] [client 49.235.223.143:8852] AH01071: Got error 'Primary script unknown\n'
[Fri Oct 11 09:44:31.869191 2019] [proxy_fcgi:error] [pid 28777] [client 49.235.223.143:8852] AH01071: Got error 'Primary script unknown\n'
[Fri Oct 11 09:44:32.086434 2019] [proxy_fcgi:error] [pid 28777] [client 49.235.223.143:8852] AH01071: Got error 'Primary script unknown\n'
[Fri Oct 11 09:44:32.658394 2019] [proxy_fcgi:error] [pid 28777] [client 49.235.223.143:8852] AH01071: Got error 'Primary script unknown\n'
[Fri Oct 11 09:44:32.875694 2019] [proxy_fcgi:error] [pid 28777] [client 49.235.223.143:8852] AH01071: Got error 'Primary script unknown\n'
[Fri Oct 11 09:44:33.093195 2019] [proxy_fcgi:error] [pid 28777] [client 49.235.223.143:8852] AH01071: Got error 'Primary script unknown\n'
[Fri Oct 11 09:44:34.230628 2019] [proxy_fcgi:error] [pid 28777] [client 49.235.223.143:8852] AH01071: Got error 'Primary script unknown\n'
[Fri Oct 11 09:44:34.626791 2019] [proxy_fcgi:error] [pid 28777] [client 49.235.223.143:8852] AH01071: Got error 'Primary script unknown\n'
[Fri Oct 11 09:44:38.232538 2019] [proxy_fcgi:error] [pid 28777] [client 49.235.223.143:8852] AH01071: Got error 'Primary script unknown\n'
[Fri Oct 11 09:44:38.449792 2019] [proxy_fcgi:error] [pid 28777] [client 49.235.223.143:8852] AH01071: Got error 'Primary script unknown\n'
[Fri Oct 11 09:44:39.158271 2019] [proxy_fcgi:error] [pid 28777] [client 49.235.223.143:8852] AH01071: Got error 'Primary script unknown\n'
[Fri Oct 11 09:44:41.135135 2019] [proxy_fcgi:error] [pid 28777] [client 49.235.223.143:8852] AH01071: Got error 'Primary script unknown\n'
[Fri Oct 11 09:44:42.216224 2019] [proxy_fcgi:error] [pid 28777] [client 49.235.223.143:8852] AH01071: Got error 'Primary script unknown\n'
[Fri Oct 11 09:44:42.435423 2019] [proxy_fcgi:error] [pid 28777] [client 49.235.223.143:8852] AH01071: Got error 'Primary script unknown\n'
[Fri Oct 11 09:44:42.652855 2019] [proxy_fcgi:error] [pid 28777] [client 49.235.223.143:8852] AH01071: Got error 'Primary script unknown\n'
[Fri Oct 11 09:44:42.912634 2019] [proxy_fcgi:error] [pid 28777] [client 49.235.223.143:8852] AH01071: Got error 'Primary script unknown\n'
[Fri Oct 11 09:44:46.209360 2019] [proxy_fcgi:error] [pid 28777] [client 49.235.223.143:8852] AH01071: Got error 'Primary script unknown\n'
[Fri Oct 11 09:44:46.428384 2019] [proxy_fcgi:error] [pid 28777] [client 49.235.223.143:8852] AH01071: Got error 'Primary script unknown\n'
[Fri Oct 11 09:44:46.645530 2019] [proxy_fcgi:error] [pid 28777] [client 49.235.223.143:8852] AH01071: Got error 'Primary script unknown\n'
[Fri Oct 11 09:44:49.992053 2019] [proxy_fcgi:error] [pid 28777] [client 49.235.223.143:8852] AH01071: Got error 'Primary script unknown\n'
[Fri Oct 11 09:44:50.231921 2019] [proxy_fcgi:error] [pid 28777] [client 49.235.223.143:8852] AH01071: Got error 'Primary script unknown\n'
[Fri Oct 11 09:44:50.450835 2019] [proxy_fcgi:error] [pid 28777] [client 49.235.223.143:8852] AH01071: Got error 'Primary script unknown\n'
[Fri Oct 11 09:44:50.668322 2019] [proxy_fcgi:error] [pid 28777] [client 49.235.223.143:8852] AH01071: Got error 'Primary script unknown\n'
[Fri Oct 11 09:44:51.708317 2019] [proxy_fcgi:error] [pid 28777] [client 49.235.223.143:8852] AH01071: Got error 'Primary script unknown\n'
[Fri Oct 11 09:44:54.224856 2019] [proxy_fcgi:error] [pid 28777] [client 49.235.223.143:8852] AH01071: Got error 'Primary script unknown\n'
[Fri Oct 11 09:44:54.443938 2019] [proxy_fcgi:error] [pid 28777] [client 49.235.223.143:8852] AH01071: Got error 'Primary script unknown\n'
[Fri Oct 11 09:44:54.661542 2019] [proxy_fcgi:error] [pid 28777] [client 49.235.223.143:8852] AH01071: Got error 'Primary script unknown\n'
[Fri Oct 11 09:44:55.971047 2019] [proxy_fcgi:error] [pid 28777] [client 49.235.223.143:8852] AH01071: Got error 'Primary script unknown\n'
[Fri Oct 11 09:44:58.226049 2019] [proxy_fcgi:error] [pid 28777] [client 49.235.223.143:8852] AH01071: Got error 'Primary script unknown\n'
[Fri Oct 11 09:44:58.443359 2019] [proxy_fcgi:error] [pid 28777] [client 49.235.223.143:8852] AH01071: Got error 'Primary script unknown\n'
[Fri Oct 11 09:44:58.662724 2019] [proxy_fcgi:error] [pid 28777] [client 49.235.223.143:8852] AH01071: Got error 'Primary script unknown\n'
[Fri Oct 11 09:44:58.880121 2019] [proxy_fcgi:error] [pid 28777] [client 49.235.223.143:8852] AH01071: Got error 'Primary script unknown\n'
[Fri Oct 11 09:44:59.097511 2019] [proxy_fcgi:error] [pid 28777] [client 49.235.223.143:8852] AH01071: Got error 'Primary script unknown\n'
[Fri Oct 11 09:44:59.314781 2019] [proxy_fcgi:error] [pid 28777] [client 49.235.223.143:8852] AH01071: Got error 'Primary script unknown\n'
[Fri Oct 11 09:44:59.532585 2019] [proxy_fcgi:error] [pid 28777] [client 49.235.223.143:8852] AH01071: Got error 'Primary script unknown\n'
[Fri Oct 11 09:45:02.169862 2019] [proxy_fcgi:error] [pid 28777] [client 49.235.223.143:8852] AH01071: Got error 'Primary script unknown\n'
[Fri Oct 11 09:45:02.387377 2019] [proxy_fcgi:error] [pid 28777] [client 49.235.223.143:8852] AH01071: Got error 'Primary script unknown\n'
[Fri Oct 11 09:45:02.604688 2019] [proxy_fcgi:error] [pid 28777] [client 49.235.223.143:8852] AH01071: Got error 'Primary script unknown\n'
[Fri Oct 11 09:45:04.971187 2019] [proxy_fcgi:error] [pid 28777] [client 49.235.223.143:8852] AH01071: Got error 'Primary script unknown\n'
[Fri Oct 11 09:45:06.230566 2019] [proxy_fcgi:error] [pid 28777] [client 49.235.223.143:8852] AH01071: Got error 'Primary script unknown\n'
[Fri Oct 11 09:45:06.447784 2019] [proxy_fcgi:error] [pid 28777] [client 49.235.223.143:8852] AH01071: Got error 'Primary script unknown\n'
[Fri Oct 11 09:45:07.116377 2019] [proxy_fcgi:error] [pid 28777] [client 49.235.223.143:8852] AH01071: Got error 'Primary script unknown\n'
[Fri Oct 11 09:45:07.334125 2019] [proxy_fcgi:error] [pid 28777] [client 49.235.223.143:8852] AH01071: Got error 'Primary script unknown\n'
[Fri Oct 11 09:45:07.552162 2019] [proxy_fcgi:error] [pid 28777] [client 49.235.223.143:8852] AH01071: Got error 'Primary script unknown\n'
[Fri Oct 11 09:45:07.967351 2019] [proxy_fcgi:error] [pid 28777] [client 49.235.223.143:8852] AH01071: Got error 'Primary script unknown\n'
[Fri Oct 11 09:45:10.229316 2019] [proxy_fcgi:error] [pid 28777] [client 49.235.223.143:8852] AH01071: Got error 'Primary script unknown\n'
[Fri Oct 11 09:45:10.448744 2019] [proxy_fcgi:error] [pid 28777] [client 49.235.223.143:8852] AH01071: Got error 'Primary script unknown\n'
[Fri Oct 11 09:45:10.666256 2019] [proxy_fcgi:error] [pid 28777] [client 49.235.223.143:8852] AH01071: Got error 'Primary script unknown\n'
[Fri Oct 11 09:45:11.099621 2019] [proxy_fcgi:error] [pid 2329] [client 49.235.223.143:20425] AH01071: Got error 'Primary script unknown\n'
[Fri Oct 11 09:45:11.336620 2019] [proxy_fcgi:error] [pid 2329] [client 49.235.223.143:20425] AH01071: Got error 'Primary script unknown\n'
[Fri Oct 11 09:45:11.553145 2019] [proxy_fcgi:error] [pid 2329] [client 49.235.223.143:20425] AH01071: Got error 'Primary script unknown\n'
[Fri Oct 11 09:45:12.268089 2019] [proxy_fcgi:error] [pid 2329] [client 49.235.223.143:20425] AH01071: Got error 'Primary script unknown\n'
[Fri Oct 11 09:45:14.233101 2019] [proxy_fcgi:error] [pid 2329] [client 49.235.223.143:20425] AH01071: Got error 'Primary script unknown\n'
[Fri Oct 11 09:45:14.449924 2019] [proxy_fcgi:error] [pid 2329] [client 49.235.223.143:20425] AH01071: Got error 'Primary script unknown\n'
[Fri Oct 11 09:45:14.667635 2019] [proxy_fcgi:error] [pid 2329] [client 49.235.223.143:20425] AH01071: Got error 'Primary script unknown\n'
[Fri Oct 11 09:45:17.174294 2019] [proxy_fcgi:error] [pid 2329] [client 49.235.223.143:20425] AH01071: Got error 'Primary script unknown\n'
[Fri Oct 11 09:45:18.229988 2019] [proxy_fcgi:error] [pid 2329] [client 49.235.223.143:20425] AH01071: Got error 'Primary script unknown\n'
[Fri Oct 11 09:45:18.470795 2019] [proxy_fcgi:error] [pid 2329] [client 49.235.223.143:20425] AH01071: Got error 'Primary script unknown\n'
[Fri Oct 11 09:45:18.689293 2019] [proxy_fcgi:error] [pid 2329] [client 49.235.223.143:20425] AH01071: Got error 'Primary script unknown\n'
[Fri Oct 11 09:45:20.064794 2019] [proxy_fcgi:error] [pid 2329] [client 49.235.223.143:20425] AH01071: Got error 'Primary script unknown\n'
[Fri Oct 11 09:45:22.471172 2019] [proxy_fcgi:error] [pid 2329] [client 49.235.223.143:20425] AH01071: Got error 'Primary script unknown\n'
[Fri Oct 11 09:45:22.694182 2019] [proxy_fcgi:error] [pid 2329] [client 49.235.223.143:20425] AH01071: Got error 'Primary script unknown\n'
[Fri Oct 11 09:45:22.919602 2019] [proxy_fcgi:error] [pid 2329] [client 49.235.223.143:20425] AH01071: Got error 'Primary script unknown\n'
[Fri Oct 11 09:45:23.135747 2019] [proxy_fcgi:error] [pid 2329] [client 49.235.223.143:20425] AH01071: Got error 'Primary script unknown\n'
[Fri Oct 11 09:45:23.768084 2019] [proxy_fcgi:error] [pid 2329] [client 49.235.223.143:20425] AH01071: Got error 'Primary script unknown\n'
[Fri Oct 11 09:45:23.987741 2019] [proxy_fcgi:error] [pid 2329] [client 49.235.223.143:20425] AH01071: Got error 'Primary script unknown\n'
[Fri Oct 11 09:45:24.658623 2019] [proxy_fcgi:error] [pid 2329] [client 49.235.223.143:20425] AH01071: Got error 'Primary script unknown\n'
[Fri Oct 11 09:45:25.626704 2019] [proxy_fcgi:error] [pid 2329] [client 49.235.223.143:20425] AH01071: Got error 'Primary script unknown\n'
[Fri Oct 11 09:45:26.223819 2019] [proxy_fcgi:error] [pid 2329] [client 49.235.223.143:20425] AH01071: Got error 'Primary script unknown\n'
[Fri Oct 11 09:45:26.448801 2019] [proxy_fcgi:error] [pid 2329] [client 49.235.223.143:20425] AH01071: Got error 'Primary script unknown\n'
[Fri Oct 11 09:46:30.218783 2019] [autoindex:error] [pid 441] [client 85.25.153.167:39046] AH01276: Cannot serve directory /var/www/html/: No matching DirectoryIndex (index.html,index.php,index.php) found, and server-generated directory index forbidden by Options directive
[Fri Oct 11 09:46:42.507992 2019] [proxy_fcgi:error] [pid 24402] [client 49.235.223.143:31837] AH01071: Got error 'Primary script unknown\n', referer: 554fcae493e564ee0dc75bdf2ebf94caads|a:3:{s:2:"id";s:3:"'/*";s:3:"num";s:141:"*/ union select 1,0x272F2A,3,4,5,6,7,8,0x7b247b24524345275d3b6469652f2a2a2f286d6435284449524543544f52595f534550415241544f5229293b2f2f7d7d,0--";s:4:"name";s:3:"ads";}554fcae493e564ee0dc75bdf2ebf94ca
[Fri Oct 11 09:46:42.735970 2019] [proxy_fcgi:error] [pid 24402] [client 49.235.223.143:31837] AH01071: Got error 'Primary script unknown\n'
[Fri Oct 11 10:05:42.309589 2019] [autoindex:error] [pid 2335] [client 138.117.119.77:43686] AH01276: Cannot serve directory /var/www/html/: No matching DirectoryIndex (index.html,index.php,index.php) found, and server-generated directory index forbidden by Options directive
[Fri Oct 11 10:23:36.251691 2019] [autoindex:error] [pid 4199] [client 160.218.103.91:32800] AH01276: Cannot serve directory /var/www/html/: No matching DirectoryIndex (index.html,index.php,index.php) found, and server-generated directory index forbidden by Options directive
[Fri Oct 11 10:26:35.194348 2019] [autoindex:error] [pid 23781] [client 78.140.249.194:53494] AH01276: Cannot serve directory /var/www/html/: No matching DirectoryIndex (index.html,index.php,index.php) found, and server-generated directory index forbidden by Options directive
[Fri Oct 11 11:34:19.667417 2019] [autoindex:error] [pid 21398] [client 60.209.67.73:46235] AH01276: Cannot serve directory /var/www/html/: No matching DirectoryIndex (index.html,index.php,index.php) found, and server-generated directory index forbidden by Options directive
[Fri Oct 11 12:29:20.131363 2019] [autoindex:error] [pid 24382] [client 37.255.68.19:44036] AH01276: Cannot serve directory /var/www/html/: No matching DirectoryIndex (index.html,index.php,index.php) found, and server-generated directory index forbidden by Options directive
[Fri Oct 11 14:10:02.358550 2019] [autoindex:error] [pid 2329] [client 171.61.119.174:56416] AH01276: Cannot serve directory /var/www/html/: No matching DirectoryIndex (index.html,index.php,index.php) found, and server-generated directory index forbidden by Options directive
[Fri Oct 11 14:14:28.904439 2019] [authz_core:error] [pid 23781] [client 99.80.184.198:33258] AH01630: client denied by server configuration: /var/www/html/jafar_cii/app/etc/config.php
[Fri Oct 11 14:22:11.877415 2019] [autoindex:error] [pid 24402] [client 196.52.43.62:53607] AH01276: Cannot serve directory /var/www/html/: No matching DirectoryIndex (index.html,index.php,index.php) found, and server-generated directory index forbidden by Options directive
[Fri Oct 11 14:33:31.806388 2019] [autoindex:error] [pid 441] [client 177.103.66.94:39446] AH01276: Cannot serve directory /var/www/html/: No matching DirectoryIndex (index.html,index.php,index.php) found, and server-generated directory index forbidden by Options directive
[Fri Oct 11 14:43:52.321305 2019] [autoindex:error] [pid 23781] [client 195.144.235.42:39420] AH01276: Cannot serve directory /var/www/html/: No matching DirectoryIndex (index.html,index.php,index.php) found, and server-generated directory index forbidden by Options directive
[Fri Oct 11 14:44:01.368610 2019] [proxy_fcgi:error] [pid 24402] [client 222.186.130.22:62284] AH01071: Got error 'Primary script unknown\n'
[Fri Oct 11 14:44:01.852529 2019] [proxy_fcgi:error] [pid 441] [client 222.186.130.22:31492] AH01071: Got error 'Primary script unknown\n'
[Fri Oct 11 14:44:02.340744 2019] [autoindex:error] [pid 23781] [client 222.186.130.22:45308] AH01276: Cannot serve directory /var/www/html/: No matching DirectoryIndex (index.html,index.php,index.php) found, and server-generated directory index forbidden by Options directive
[Fri Oct 11 15:30:27.311530 2019] [autoindex:error] [pid 24382] [client 181.210.51.200:53105] AH01276: Cannot serve directory /var/www/html/: No matching DirectoryIndex (index.html,index.php,index.php) found, and server-generated directory index forbidden by Options directive
[Fri Oct 11 16:17:42.340879 2019] [autoindex:error] [pid 27828] [client 213.205.240.76:63887] AH01276: Cannot serve directory /var/www/html/: No matching DirectoryIndex (index.html,index.php,index.php) found, and server-generated directory index forbidden by Options directive
[Fri Oct 11 16:25:51.714853 2019] [autoindex:error] [pid 4199] [client 202.91.11.42:46596] AH01276: Cannot serve directory /var/www/html/: No matching DirectoryIndex (index.html,index.php,index.php) found, and server-generated directory index forbidden by Options directive
[Fri Oct 11 17:21:11.199655 2019] [mpm_prefork:notice] [pid 3919] AH00170: caught SIGWINCH, shutting down gracefully
[Fri Oct 11 17:21:12.293758 2019] [suexec:notice] [pid 30630] AH01232: suEXEC mechanism enabled (wrapper: /usr/sbin/suexec)
AH00558: httpd: Could not reliably determine the server's fully qualified domain name, using fe80::48e:d3ff:febc:6682. Set the 'ServerName' directive globally to suppress this message
[Fri Oct 11 17:21:12.305710 2019] [lbmethod_heartbeat:notice] [pid 30630] AH02282: No slotmem from mod_heartmonitor
[Fri Oct 11 17:21:12.305750 2019] [http2:warn] [pid 30630] AH10034: The mpm module (prefork.c) is not supported by mod_http2. The mpm determines how things are processed in your server. HTTP/2 has more demands in this regard and the currently selected mpm will just not do. This is an advisory warning. Your server will continue to work, but the HTTP/2 protocol will be inactive.
[Fri Oct 11 17:21:12.305764 2019] [http2:warn] [pid 30630] AH02951: mod_ssl does not seem to be enabled
[Fri Oct 11 17:21:12.308999 2019] [mpm_prefork:notice] [pid 30630] AH00163: Apache/2.4.39 () configured -- resuming normal operations
[Fri Oct 11 17:21:12.309016 2019] [core:notice] [pid 30630] AH00094: Command line: '/usr/sbin/httpd -D FOREGROUND'
[Fri Oct 11 17:24:37.902462 2019] [proxy_fcgi:error] [pid 30632] [client 141.0.156.18:64778] AH01071: Got error 'Primary script unknown\n'
[Fri Oct 11 17:25:47.230814 2019] [proxy_fcgi:error] [pid 30636] [client 141.0.156.18:64862] AH01071: Got error 'Primary script unknown\n'
[Fri Oct 11 17:26:14.177285 2019] [proxy_fcgi:error] [pid 30631] [client 141.0.156.18:64863] AH01071: Got error 'Primary script unknown\n'
[Fri Oct 11 17:26:16.120973 2019] [proxy_fcgi:error] [pid 22896] [client 141.0.156.18:64864] AH01071: Got error 'Primary script unknown\n'
[Fri Oct 11 17:26:52.742573 2019] [proxy_fcgi:error] [pid 22902] [client 141.0.156.18:64873] AH01071: Got error 'Primary script unknown\n'
[Fri Oct 11 17:26:53.608006 2019] [proxy_fcgi:error] [pid 22903] [client 141.0.156.18:64874] AH01071: Got error 'Primary script unknown\n'
[Fri Oct 11 17:26:53.808303 2019] [proxy_fcgi:error] [pid 30633] [client 141.0.156.18:64875] AH01071: Got error 'Primary script unknown\n'
[Fri Oct 11 17:26:57.369809 2019] [proxy_fcgi:error] [pid 30633] [client 141.0.156.18:64875] AH01071: Got error 'Primary script unknown\n'
[Fri Oct 11 17:27:01.840157 2019] [proxy_fcgi:error] [pid 30634] [client 141.0.156.18:64876] AH01071: Got error 'Primary script unknown\n'
[Fri Oct 11 17:27:02.343595 2019] [proxy_fcgi:error] [pid 30632] [client 141.0.156.18:64877] AH01071: Got error 'Primary script unknown\n'
[Fri Oct 11 17:27:03.237105 2019] [proxy_fcgi:error] [pid 30636] [client 141.0.156.18:64878] AH01071: Got error 'Primary script unknown\n'
[Fri Oct 11 17:27:03.724485 2019] [proxy_fcgi:error] [pid 30631] [client 141.0.156.18:64879] AH01071: Got error 'Primary script unknown\n'
[Fri Oct 11 18:12:35.175041 2019] [mpm_prefork:notice] [pid 30630] AH00170: caught SIGWINCH, shutting down gracefully
[Fri Oct 11 18:12:36.332179 2019] [suexec:notice] [pid 17680] AH01232: suEXEC mechanism enabled (wrapper: /usr/sbin/suexec)
AH00558: httpd: Could not reliably determine the server's fully qualified domain name, using fe80::48e:d3ff:febc:6682. Set the 'ServerName' directive globally to suppress this message
[Fri Oct 11 18:12:36.343905 2019] [lbmethod_heartbeat:notice] [pid 17680] AH02282: No slotmem from mod_heartmonitor
[Fri Oct 11 18:12:36.343941 2019] [http2:warn] [pid 17680] AH10034: The mpm module (prefork.c) is not supported by mod_http2. The mpm determines how things are processed in your server. HTTP/2 has more demands in this regard and the currently selected mpm will just not do. This is an advisory warning. Your server will continue to work, but the HTTP/2 protocol will be inactive.
[Fri Oct 11 18:12:36.343946 2019] [http2:warn] [pid 17680] AH02951: mod_ssl does not seem to be enabled
[Fri Oct 11 18:12:36.346765 2019] [mpm_prefork:notice] [pid 17680] AH00163: Apache/2.4.39 () configured -- resuming normal operations
[Fri Oct 11 18:12:36.346788 2019] [core:notice] [pid 17680] AH00094: Command line: '/usr/sbin/httpd -D FOREGROUND'
[Fri Oct 11 18:13:39.494677 2019] [mpm_prefork:notice] [pid 17680] AH00170: caught SIGWINCH, shutting down gracefully
[Fri Oct 11 18:13:40.668240 2019] [suexec:notice] [pid 17791] AH01232: suEXEC mechanism enabled (wrapper: /usr/sbin/suexec)
AH00558: httpd: Could not reliably determine the server's fully qualified domain name, using fe80::48e:d3ff:febc:6682. Set the 'ServerName' directive globally to suppress this message
[Fri Oct 11 18:13:40.680168 2019] [lbmethod_heartbeat:notice] [pid 17791] AH02282: No slotmem from mod_heartmonitor
[Fri Oct 11 18:13:40.680214 2019] [http2:warn] [pid 17791] AH10034: The mpm module (prefork.c) is not supported by mod_http2. The mpm determines how things are processed in your server. HTTP/2 has more demands in this regard and the currently selected mpm will just not do. This is an advisory warning. Your server will continue to work, but the HTTP/2 protocol will be inactive.
[Fri Oct 11 18:13:40.680219 2019] [http2:warn] [pid 17791] AH02951: mod_ssl does not seem to be enabled
[Fri Oct 11 18:13:40.684538 2019] [mpm_prefork:notice] [pid 17791] AH00163: Apache/2.4.39 () configured -- resuming normal operations
[Fri Oct 11 18:13:40.684564 2019] [core:notice] [pid 17791] AH00094: Command line: '/usr/sbin/httpd -D FOREGROUND'
[Fri Oct 11 18:14:44.083176 2019] [autoindex:error] [pid 17823] [client 103.71.194.72:45678] AH01276: Cannot serve directory /var/www/html/: No matching DirectoryIndex (index.html,index.php,index.php) found, and server-generated directory index forbidden by Options directive
[Fri Oct 11 18:20:22.767297 2019] [autoindex:error] [pid 17841] [client 94.67.211.49:53947] AH01276: Cannot serve directory /var/www/html/: No matching DirectoryIndex (index.html,index.php,index.php) found, and server-generated directory index forbidden by Options directive
[Fri Oct 11 18:22:51.390068 2019] [proxy_fcgi:error] [pid 17814] [client 112.29.140.229:52930] AH01071: Got error 'Primary script unknown\n'
[Fri Oct 11 18:22:51.976273 2019] [proxy_fcgi:error] [pid 17860] [client 112.29.140.229:42948] AH01071: Got error 'Primary script unknown\n'
[Fri Oct 11 18:22:52.555072 2019] [autoindex:error] [pid 10292] [client 112.29.140.229:33092] AH01276: Cannot serve directory /var/www/html/: No matching DirectoryIndex (index.html,index.php,index.php) found, and server-generated directory index forbidden by Options directive
[Fri Oct 11 18:33:27.433055 2019] [authz_core:error] [pid 3539] [client 10.0.1.164:10110] AH01630: client denied by server configuration: /var/www/html/247pod2/current/app/etc/config.php
[Fri Oct 11 18:43:37.285791 2019] [authz_core:error] [pid 3833] [client 10.0.3.47:2070] AH01630: client denied by server configuration: /var/www/html/247pod2/current/app/etc/config.php
[Fri Oct 11 18:52:32.917611 2019] [autoindex:error] [pid 28706] [client 10.0.3.47:2630] AH01276: Cannot serve directory /var/www/html/: No matching DirectoryIndex (index.html,index.php,index.php) found, and server-generated directory index forbidden by Options directive
[Fri Oct 11 19:00:36.140173 2019] [autoindex:error] [pid 29010] [client 37.6.92.238:54043] AH01276: Cannot serve directory /var/www/html/: No matching DirectoryIndex (index.html,index.php,index.php) found, and server-generated directory index forbidden by Options directive
[Fri Oct 11 19:11:25.150525 2019] [autoindex:error] [pid 29010] [client 159.224.138.167:56552] AH01276: Cannot serve directory /var/www/html/: No matching DirectoryIndex (index.html,index.php,index.php) found, and server-generated directory index forbidden by Options directive
[Fri Oct 11 19:16:21.214329 2019] [autoindex:error] [pid 29031] [client 10.0.3.47:4008] AH01276: Cannot serve directory /var/www/html/: No matching DirectoryIndex (index.html,index.php,index.php) found, and server-generated directory index forbidden by Options directive
[Fri Oct 11 19:19:09.504637 2019] [autoindex:error] [pid 29002] [client 10.0.3.47:4248] AH01276: Cannot serve directory /var/www/html/: No matching DirectoryIndex (index.html,index.php,index.php) found, and server-generated directory index forbidden by Options directive
[Fri Oct 11 19:43:18.397635 2019] [autoindex:error] [pid 28899] [client 10.0.3.47:5688] AH01276: Cannot serve directory /var/www/html/: No matching DirectoryIndex (index.html,index.php,index.php) found, and server-generated directory index forbidden by Options directive
[Fri Oct 11 20:02:26.171857 2019] [autoindex:error] [pid 28983] [client 10.0.1.164:15608] AH01276: Cannot serve directory /var/www/html/: No matching DirectoryIndex (index.html,index.php,index.php) found, and server-generated directory index forbidden by Options directive
[Fri Oct 11 20:22:47.062177 2019] [autoindex:error] [pid 28990] [client 10.0.3.47:8000] AH01276: Cannot serve directory /var/www/html/: No matching DirectoryIndex (index.html,index.php,index.php) found, and server-generated directory index forbidden by Options directive
[Fri Oct 11 20:31:24.053214 2019] [autoindex:error] [pid 29044] [client 10.0.1.164:17350] AH01276: Cannot serve directory /var/www/html/: No matching DirectoryIndex (index.html,index.php,index.php) found, and server-generated directory index forbidden by Options directive
[Fri Oct 11 20:35:52.489405 2019] [autoindex:error] [pid 28899] [client 177.103.114.10:38013] AH01276: Cannot serve directory /var/www/html/: No matching DirectoryIndex (index.html,index.php,index.php) found, and server-generated directory index forbidden by Options directive
[Fri Oct 11 20:46:54.213418 2019] [autoindex:error] [pid 3833] [client 10.0.1.164:18256] AH01276: Cannot serve directory /var/www/html/: No matching DirectoryIndex (index.html,index.php,index.php) found, and server-generated directory index forbidden by Options directive
[Fri Oct 11 21:26:59.252829 2019] [autoindex:error] [pid 28990] [client 10.0.1.164:20626] AH01276: Cannot serve directory /var/www/html/: No matching DirectoryIndex (index.html,index.php,index.php) found, and server-generated directory index forbidden by Options directive
[Fri Oct 11 21:48:04.958128 2019] [autoindex:error] [pid 29069] [client 10.0.3.47:13144] AH01276: Cannot serve directory /var/www/html/: No matching DirectoryIndex (index.html,index.php,index.php) found, and server-generated directory index forbidden by Options directive
[Fri Oct 11 22:13:00.679265 2019] [autoindex:error] [pid 28983] [client 10.0.1.164:23434] AH01276: Cannot serve directory /var/www/html/: No matching DirectoryIndex (index.html,index.php,index.php) found, and server-generated directory index forbidden by Options directive
[Fri Oct 11 22:16:01.897525 2019] [autoindex:error] [pid 29692] [client 10.0.3.47:14770] AH01276: Cannot serve directory /var/www/html/: No matching DirectoryIndex (index.html,index.php,index.php) found, and server-generated directory index forbidden by Options directive
[Fri Oct 11 22:21:59.099810 2019] [autoindex:error] [pid 29693] [client 10.0.3.47:15124] AH01276: Cannot serve directory /var/www/html/: No matching DirectoryIndex (index.html,index.php,index.php) found, and server-generated directory index forbidden by Options directive
[Fri Oct 11 22:44:43.362979 2019] [proxy_fcgi:error] [pid 29031] [client 10.0.3.47:16512] AH01071: Got error 'Primary script unknown\n'
[Fri Oct 11 22:49:00.995525 2019] [proxy_fcgi:error] [pid 29693] [client 10.0.1.164:25600] AH01071: Got error 'Primary script unknown\n'
[Fri Oct 11 22:56:38.392172 2019] [autoindex:error] [pid 29692] [client 201.238.155.66:61000] AH01276: Cannot serve directory /var/www/html/: No matching DirectoryIndex (index.html,index.php,index.php) found, and server-generated directory index forbidden by Options directive
[Fri Oct 11 23:01:41.531534 2019] [proxy_fcgi:error] [pid 29692] [client 5.188.210.101:14292] AH01071: Got error 'Primary script unknown\n', referer: https://www.google.com/
[Fri Oct 11 23:06:41.598922 2019] [proxy_fcgi:error] [pid 30081] [client 10.0.3.47:17800] AH01071: Got error 'Primary script unknown\n'
[Fri Oct 11 23:06:42.024236 2019] [proxy_fcgi:error] [pid 30081] [client 10.0.3.47:17800] AH01071: Got error 'Primary script unknown\n'
[Fri Oct 11 23:06:42.407596 2019] [autoindex:error] [pid 30081] [client 10.0.3.47:17800] AH01276: Cannot serve directory /var/www/html/: No matching DirectoryIndex (index.html,index.php,index.php) found, and server-generated directory index forbidden by Options directive
[Fri Oct 11 23:06:58.572844 2019] [autoindex:error] [pid 29693] [client 10.0.1.164:26622] AH01276: Cannot serve directory /var/www/html/: No matching DirectoryIndex (index.html,index.php,index.php) found, and server-generated directory index forbidden by Options directive
[Fri Oct 11 23:35:35.456576 2019] [autoindex:error] [pid 30234] [client 10.0.1.164:28390] AH01276: Cannot serve directory /var/www/html/: No matching DirectoryIndex (index.html,index.php,index.php) found, and server-generated directory index forbidden by Options directive
[Fri Oct 11 23:43:57.281442 2019] [autoindex:error] [pid 29031] [client 150.109.182.127:41758] AH01276: Cannot serve directory /var/www/html/: No matching DirectoryIndex (index.html,index.php,index.php) found, and server-generated directory index forbidden by Options directive
[Fri Oct 11 23:43:57.290997 2019] [autoindex:error] [pid 30239] [client 150.109.182.127:46386] AH01276: Cannot serve directory /var/www/html/: No matching DirectoryIndex (index.html,index.php,index.php) found, and server-generated directory index forbidden by Options directive
[Fri Oct 11 23:49:44.748664 2019] [autoindex:error] [pid 30030] [client 138.97.225.209:44661] AH01276: Cannot serve directory /var/www/html/: No matching DirectoryIndex (index.html,index.php,index.php) found, and server-generated directory index forbidden by Options directive
[Fri Oct 11 23:50:32.277147 2019] [autoindex:error] [pid 30030] [client 10.0.3.47:20502] AH01276: Cannot serve directory /var/www/html/: No matching DirectoryIndex (index.html,index.php,index.php) found, and server-generated directory index forbidden by Options directive
[Sat Oct 12 00:15:37.222775 2019] [autoindex:error] [pid 30239] [client 178.209.130.71:50446] AH01276: Cannot serve directory /var/www/html/: No matching DirectoryIndex (index.html,index.php,index.php) found, and server-generated directory index forbidden by Options directive
[Sat Oct 12 00:17:29.208566 2019] [autoindex:error] [pid 30030] [client 10.0.1.164:30904] AH01276: Cannot serve directory /var/www/html/: No matching DirectoryIndex (index.html,index.php,index.php) found, and server-generated directory index forbidden by Options directive
[Sat Oct 12 00:26:15.622254 2019] [autoindex:error] [pid 29692] [client 10.0.3.47:22556] AH01276: Cannot serve directory /var/www/html/: No matching DirectoryIndex (index.html,index.php,index.php) found, and server-generated directory index forbidden by Options directive
[Sat Oct 12 00:31:18.794385 2019] [autoindex:error] [pid 30030] [client 5.189.181.88:55708] AH01276: Cannot serve directory /var/www/html/: No matching DirectoryIndex (index.html,index.php,index.php) found, and server-generated directory index forbidden by Options directive
[Sat Oct 12 00:35:42.438369 2019] [autoindex:error] [pid 28983] [client 10.0.3.47:23134] AH01276: Cannot serve directory /var/www/html/: No matching DirectoryIndex (index.html,index.php,index.php) found, and server-generated directory index forbidden by Options directive
[Sat Oct 12 00:43:57.406325 2019] [autoindex:error] [pid 28983] [client 10.0.1.164:32442] AH01276: Cannot serve directory /var/www/html/: No matching DirectoryIndex (index.html,index.php,index.php) found, and server-generated directory index forbidden by Options directive
[Sat Oct 12 00:49:14.970891 2019] [autoindex:error] [pid 30643] [client 10.0.1.164:32846] AH01276: Cannot serve directory /var/www/html/: No matching DirectoryIndex (index.html,index.php,index.php) found, and server-generated directory index forbidden by Options directive
[Sat Oct 12 01:11:15.511124 2019] [autoindex:error] [pid 30234] [client 10.0.3.47:25344] AH01276: Cannot serve directory /var/www/html/: No matching DirectoryIndex (index.html,index.php,index.php) found, and server-generated directory index forbidden by Options directive
[Sat Oct 12 01:54:31.469278 2019] [proxy_fcgi:error] [pid 30860] [client 10.0.3.47:27968] AH01071: Got error 'Primary script unknown\n'
[Sat Oct 12 01:54:31.930873 2019] [proxy_fcgi:error] [pid 30860] [client 10.0.3.47:27968] AH01071: Got error 'Primary script unknown\n'
[Sat Oct 12 01:54:33.414750 2019] [autoindex:error] [pid 30860] [client 10.0.3.47:27968] AH01276: Cannot serve directory /var/www/html/: No matching DirectoryIndex (index.html,index.php,index.php) found, and server-generated directory index forbidden by Options directive
[Sat Oct 12 01:56:40.169197 2019] [autoindex:error] [pid 31070] [client 10.0.3.47:28086] AH01276: Cannot serve directory /var/www/html/: No matching DirectoryIndex (index.html,index.php,index.php) found, and server-generated directory index forbidden by Options directive
[Sat Oct 12 02:11:41.535680 2019] [autoindex:error] [pid 31099] [client 45.6.78.70:33170] AH01276: Cannot serve directory /var/www/html/: No matching DirectoryIndex (index.html,index.php,index.php) found, and server-generated directory index forbidden by Options directive
[Sat Oct 12 02:14:33.320540 2019] [autoindex:error] [pid 31069] [client 209.17.96.202:49830] AH01276: Cannot serve directory /var/www/html/: No matching DirectoryIndex (index.html,index.php,index.php) found, and server-generated directory index forbidden by Options directive
[Sat Oct 12 02:36:31.732319 2019] [autoindex:error] [pid 31099] [client 10.0.1.164:39142] AH01276: Cannot serve directory /var/www/html/: No matching DirectoryIndex (index.html,index.php,index.php) found, and server-generated directory index forbidden by Options directive
[Sat Oct 12 02:39:56.516848 2019] [autoindex:error] [pid 31077] [client 10.0.1.164:39376] AH01276: Cannot serve directory /var/www/html/: No matching DirectoryIndex (index.html,index.php,index.php) found, and server-generated directory index forbidden by Options directive
[Sat Oct 12 03:00:40.863225 2019] [autoindex:error] [pid 31051] [client 10.0.1.164:40670] AH01276: Cannot serve directory /var/www/html/: No matching DirectoryIndex (index.html,index.php,index.php) found, and server-generated directory index forbidden by Options directive
[Sat Oct 12 03:38:03.670333 2019] [autoindex:error] [pid 31099] [client 10.0.1.164:42882] AH01276: Cannot serve directory /var/www/html/: No matching DirectoryIndex (index.html,index.php,index.php) found, and server-generated directory index forbidden by Options directive
[Sat Oct 12 03:53:22.686691 2019] [autoindex:error] [pid 31070] [client 10.0.3.47:35054] AH01276: Cannot serve directory /var/www/html/: No matching DirectoryIndex (index.html,index.php,index.php) found, and server-generated directory index forbidden by Options directive
[Sat Oct 12 04:00:41.574449 2019] [autoindex:error] [pid 31070] [client 10.0.3.47:35494] AH01276: Cannot serve directory /var/www/html/: No matching DirectoryIndex (index.html,index.php,index.php) found, and server-generated directory index forbidden by Options directive
[Sat Oct 12 04:36:13.202314 2019] [autoindex:error] [pid 30679] [client 10.0.1.164:46330] AH01276: Cannot serve directory /var/www/html/: No matching DirectoryIndex (index.html,index.php,index.php) found, and server-generated directory index forbidden by Options directive
[Sat Oct 12 04:36:33.569034 2019] [autoindex:error] [pid 31070] [client 10.0.3.47:37606] AH01276: Cannot serve directory /var/www/html/: No matching DirectoryIndex (index.html,index.php,index.php) found, and server-generated directory index forbidden by Options directive
[Sat Oct 12 05:01:47.650269 2019] [autoindex:error] [pid 31058] [client 178.161.202.21:57806] AH01276: Cannot serve directory /var/www/html/: No matching DirectoryIndex (index.html,index.php,index.php) found, and server-generated directory index forbidden by Options directive
[Sat Oct 12 05:35:41.416539 2019] [autoindex:error] [pid 31057] [client 10.0.3.47:41126] AH01276: Cannot serve directory /var/www/html/: No matching DirectoryIndex (index.html,index.php,index.php) found, and server-generated directory index forbidden by Options directive
[Sat Oct 12 05:42:40.960594 2019] [autoindex:error] [pid 30866] [client 10.0.1.164:50322] AH01276: Cannot serve directory /var/www/html/: No matching DirectoryIndex (index.html,index.php,index.php) found, and server-generated directory index forbidden by Options directive
[Sat Oct 12 05:47:12.324051 2019] [autoindex:error] [pid 31099] [client 10.0.3.47:41870] AH01276: Cannot serve directory /var/www/html/: No matching DirectoryIndex (index.html,index.php,index.php) found, and server-generated directory index forbidden by Options directive
[Sat Oct 12 06:00:01.982956 2019] [autoindex:error] [pid 30881] [client 10.0.1.164:51380] AH01276: Cannot serve directory /var/www/html/: No matching DirectoryIndex (index.html,index.php,index.php) found, and server-generated directory index forbidden by Options directive
[Sat Oct 12 06:03:09.149638 2019] [autoindex:error] [pid 30866] [client 10.0.3.47:42786] AH01276: Cannot serve directory /var/www/html/: No matching DirectoryIndex (index.html,index.php,index.php) found, and server-generated directory index forbidden by Options directive
[Sat Oct 12 06:05:45.945691 2019] [autoindex:error] [pid 30866] [client 123.108.50.205:55354] AH01276: Cannot serve directory /var/www/html/: No matching DirectoryIndex (index.html,index.php,index.php) found, and server-generated directory index forbidden by Options directive
[Sat Oct 12 06:29:43.753003 2019] [autoindex:error] [pid 30679] [client 10.0.1.164:53142] AH01276: Cannot serve directory /var/www/html/: No matching DirectoryIndex (index.html,index.php,index.php) found, and server-generated directory index forbidden by Options directive
[Sat Oct 12 06:34:53.655732 2019] [autoindex:error] [pid 30881] [client 10.0.3.47:44680] AH01276: Cannot serve directory /var/www/html/: No matching DirectoryIndex (index.html,index.php,index.php) found, and server-generated directory index forbidden by Options directive
[Sat Oct 12 06:56:46.873780 2019] [autoindex:error] [pid 31099] [client 10.0.3.47:46006] AH01276: Cannot serve directory /var/www/html/: No matching DirectoryIndex (index.html,index.php,index.php) found, and server-generated directory index forbidden by Options directive
[Sat Oct 12 07:03:23.774723 2019] [autoindex:error] [pid 30881] [client 10.0.3.47:46390] AH01276: Cannot serve directory /var/www/html/: No matching DirectoryIndex (index.html,index.php,index.php) found, and server-generated directory index forbidden by Options directive
[Sat Oct 12 07:08:55.808216 2019] [autoindex:error] [pid 31077] [client 10.0.3.47:46752] AH01276: Cannot serve directory /var/www/html/: No matching DirectoryIndex (index.html,index.php,index.php) found, and server-generated directory index forbidden by Options directive
[Sat Oct 12 07:13:42.364662 2019] [autoindex:error] [pid 31057] [client 10.0.3.47:47030] AH01276: Cannot serve directory /var/www/html/: No matching DirectoryIndex (index.html,index.php,index.php) found, and server-generated directory index forbidden by Options directive
[Sat Oct 12 07:23:58.463575 2019] [autoindex:error] [pid 31057] [client 10.0.3.47:47622] AH01276: Cannot serve directory /var/www/html/: No matching DirectoryIndex (index.html,index.php,index.php) found, and server-generated directory index forbidden by Options directive
[Sat Oct 12 08:05:50.840039 2019] [autoindex:error] [pid 31051] [client 10.0.3.47:50122] AH01276: Cannot serve directory /var/www/html/: No matching DirectoryIndex (index.html,index.php,index.php) found, and server-generated directory index forbidden by Options directive
[Sat Oct 12 08:17:17.923228 2019] [autoindex:error] [pid 31058] [client 10.0.1.164:59554] AH01276: Cannot serve directory /var/www/html/: No matching DirectoryIndex (index.html,index.php,index.php) found, and server-generated directory index forbidden by Options directive
[Sat Oct 12 08:22:03.173146 2019] [autoindex:error] [pid 30679] [client 10.0.3.47:51094] AH01276: Cannot serve directory /var/www/html/: No matching DirectoryIndex (index.html,index.php,index.php) found, and server-generated directory index forbidden by Options directive
[Sat Oct 12 09:07:40.149927 2019] [autoindex:error] [pid 31058] [client 78.189.175.72:33177] AH01276: Cannot serve directory /var/www/html/: No matching DirectoryIndex (index.html,index.php,index.php) found, and server-generated directory index forbidden by Options directive
[Sat Oct 12 09:10:07.369751 2019] [autoindex:error] [pid 31057] [client 10.0.3.47:53956] AH01276: Cannot serve directory /var/www/html/: No matching DirectoryIndex (index.html,index.php,index.php) found, and server-generated directory index forbidden by Options directive
[Sat Oct 12 09:28:48.087683 2019] [autoindex:error] [pid 30679] [client 10.0.1.164:63832] AH01276: Cannot serve directory /var/www/html/: No matching DirectoryIndex (index.html,index.php,index.php) found, and server-generated directory index forbidden by Options directive
[Sat Oct 12 09:40:35.067727 2019] [autoindex:error] [pid 30679] [client 78.189.175.72:52008] AH01276: Cannot serve directory /var/www/html/: No matching DirectoryIndex (index.html,index.php,index.php) found, and server-generated directory index forbidden by Options directive
[Sat Oct 12 09:45:07.999478 2019] [autoindex:error] [pid 31077] [client 139.162.106.181:57504] AH01276: Cannot serve directory /var/www/html/: No matching DirectoryIndex (index.html,index.php,index.php) found, and server-generated directory index forbidden by Options directive
[Sat Oct 12 10:06:02.586686 2019] [autoindex:error] [pid 30881] [client 10.0.1.164:2044] AH01276: Cannot serve directory /var/www/html/: No matching DirectoryIndex (index.html,index.php,index.php) found, and server-generated directory index forbidden by Options directive
[Sat Oct 12 11:03:12.745184 2019] [autoindex:error] [pid 31069] [client 10.0.1.164:5448] AH01276: Cannot serve directory /var/www/html/: No matching DirectoryIndex (index.html,index.php,index.php) found, and server-generated directory index forbidden by Options directive
[Sat Oct 12 11:20:35.592417 2019] [autoindex:error] [pid 31057] [client 78.189.175.72:45167] AH01276: Cannot serve directory /var/www/html/: No matching DirectoryIndex (index.html,index.php,index.php) found, and server-generated directory index forbidden by Options directive
[Sat Oct 12 11:30:52.361671 2019] [autoindex:error] [pid 31057] [client 10.0.3.47:62366] AH01276: Cannot serve directory /var/www/html/: No matching DirectoryIndex (index.html,index.php,index.php) found, and server-generated directory index forbidden by Options directive
[Sat Oct 12 12:02:22.922352 2019] [autoindex:error] [pid 30679] [client 10.0.3.47:64242] AH01276: Cannot serve directory /var/www/html/: No matching DirectoryIndex (index.html,index.php,index.php) found, and server-generated directory index forbidden by Options directive
[Sat Oct 12 12:22:34.873799 2019] [autoindex:error] [pid 30866] [client 10.0.1.164:10172] AH01276: Cannot serve directory /var/www/html/: No matching DirectoryIndex (index.html,index.php,index.php) found, and server-generated directory index forbidden by Options directive
[Sat Oct 12 12:26:40.999731 2019] [autoindex:error] [pid 31058] [client 10.0.3.47:1744] AH01276: Cannot serve directory /var/www/html/: No matching DirectoryIndex (index.html,index.php,index.php) found, and server-generated directory index forbidden by Options directive
[Sat Oct 12 12:43:57.597376 2019] [autoindex:error] [pid 30881] [client 10.0.1.164:11448] AH01276: Cannot serve directory /var/www/html/: No matching DirectoryIndex (index.html,index.php,index.php) found, and server-generated directory index forbidden by Options directive
[Sat Oct 12 12:50:20.611639 2019] [autoindex:error] [pid 30881] [client 10.0.1.164:11882] AH01276: Cannot serve directory /var/www/html/: No matching DirectoryIndex (index.html,index.php,index.php) found, and server-generated directory index forbidden by Options directive
[Sat Oct 12 12:50:21.364687 2019] [autoindex:error] [pid 30881] [client 10.0.1.164:11882] AH01276: Cannot serve directory /var/www/html/: No matching DirectoryIndex (index.html,index.php,index.php) found, and server-generated directory index forbidden by Options directive
[Sat Oct 12 13:16:32.844785 2019] [autoindex:error] [pid 31057] [client 10.0.1.164:13424] AH01276: Cannot serve directory /var/www/html/: No matching DirectoryIndex (index.html,index.php,index.php) found, and server-generated directory index forbidden by Options directive
[Sat Oct 12 13:58:02.428397 2019] [autoindex:error] [pid 31057] [client 10.0.3.47:7222] AH01276: Cannot serve directory /var/www/html/: No matching DirectoryIndex (index.html,index.php,index.php) found, and server-generated directory index forbidden by Options directive
[Sat Oct 12 13:59:43.669541 2019] [autoindex:error] [pid 31051] [client 177.72.142.144:43482] AH01276: Cannot serve directory /var/www/html/: No matching DirectoryIndex (index.html,index.php,index.php) found, and server-generated directory index forbidden by Options directive
[Sat Oct 12 14:08:52.430056 2019] [autoindex:error] [pid 31077] [client 10.0.3.47:7876] AH01276: Cannot serve directory /var/www/html/: No matching DirectoryIndex (index.html,index.php,index.php) found, and server-generated directory index forbidden by Options directive
[Sat Oct 12 14:26:40.074589 2019] [autoindex:error] [pid 30866] [client 10.0.3.47:8910] AH01276: Cannot serve directory /var/www/html/: No matching DirectoryIndex (index.html,index.php,index.php) found, and server-generated directory index forbidden by Options directive
[Sat Oct 12 15:27:43.968141 2019] [autoindex:error] [pid 2949] [client 10.0.1.164:21234] AH01276: Cannot serve directory /var/www/html/: No matching DirectoryIndex (index.html,index.php,index.php) found, and server-generated directory index forbidden by Options directive
[Sat Oct 12 15:30:42.308258 2019] [autoindex:error] [pid 30866] [client 10.0.1.164:21430] AH01276: Cannot serve directory /var/www/html/: No matching DirectoryIndex (index.html,index.php,index.php) found, and server-generated directory index forbidden by Options directive
[Sat Oct 12 15:37:10.252108 2019] [proxy_fcgi:error] [pid 31051] [client 10.0.3.47:13154] AH01071: Got error 'Primary script unknown\n'
[Sat Oct 12 16:23:27.310368 2019] [autoindex:error] [pid 30679] [client 10.0.3.47:15844] AH01276: Cannot serve directory /var/www/html/: No matching DirectoryIndex (index.html,index.php,index.php) found, and server-generated directory index forbidden by Options directive
[Sat Oct 12 16:23:27.957948 2019] [autoindex:error] [pid 30679] [client 10.0.3.47:15844] AH01276: Cannot serve directory /var/www/html/: No matching DirectoryIndex (index.html,index.php,index.php) found, and server-generated directory index forbidden by Options directive
[Sat Oct 12 17:33:54.324675 2019] [autoindex:error] [pid 31069] [client 10.0.1.164:28758] AH01276: Cannot serve directory /var/www/html/: No matching DirectoryIndex (index.html,index.php,index.php) found, and server-generated directory index forbidden by Options directive
[Sat Oct 12 17:41:01.163146 2019] [autoindex:error] [pid 3442] [client 10.0.3.47:20504] AH01276: Cannot serve directory /var/www/html/: No matching DirectoryIndex (index.html,index.php,index.php) found, and server-generated directory index forbidden by Options directive
[Sat Oct 12 17:44:30.982505 2019] [autoindex:error] [pid 31099] [client 24.145.56.160:50970] AH01276: Cannot serve directory /var/www/html/: No matching DirectoryIndex (index.html,index.php,index.php) found, and server-generated directory index forbidden by Options directive
[Sat Oct 12 18:04:32.221280 2019] [autoindex:error] [pid 30679] [client 184.154.47.2:34478] AH01276: Cannot serve directory /var/www/html/: No matching DirectoryIndex (index.html,index.php,index.php) found, and server-generated directory index forbidden by Options directive
